<?xml version="1.0" encoding="UTF-8"?>
<TestRun id="8f69ae45-0111-4ea3-8395-f18f0ebd0898" name="Magnus@THRALL 2011-09-03 06:08:04" runUser="Thrall\Magnus" xmlns="http://microsoft.com/schemas/VisualStudio/TeamTest/2010">
  <TestSettings name="Local" id="996b0d76-dd01-41ae-b03c-e53bb719d345">
    <Description>These are default test settings for a local test run.</Description>
    <Deployment userDeploymentRoot="C:\Projects\C#\TDVS\TestResults" useDefaultDeploymentRoot="false" enabled="false" runDeploymentRoot="Magnus_THRALL 2011-09-03 06_08_04">
      <DeploymentItem filename="C:\Projects\C#\TDVS\TDVS\TDVS.EntitySystem\bin\x86\Debug\TDVS.EntitySystem.dll" />
    </Deployment>
    <Execution>
      <TestTypeSpecific />
      <AgentRule name="Execution Agents">
      </AgentRule>
    </Execution>
  </TestSettings>
  <Times creation="2011-09-03T06:08:04.5288828+02:00" queuing="2011-09-03T06:08:05.6239454+02:00" start="2011-09-03T06:08:05.8189566+02:00" finish="2011-09-03T06:08:07.5020529+02:00" />
  <ResultSummary outcome="Completed">
    <Counters total="9" executed="9" passed="9" error="0" failed="0" timeout="0" aborted="0" inconclusive="0" passedButRunAborted="0" notRunnable="0" notExecuted="0" disconnected="0" warning="0" completed="0" inProgress="0" pending="0" />
  </ResultSummary>
  <TestDefinitions>
    <UnitTest name="ensure_components_are_removed_when_entity_is_deleted" storage="c:\projects\c#\tdvs\tdvs\tests\tdvs.entitysystem.tests\bin\debug\tdvs.entitysystem.tests.dll" id="85bef3ab-ef0a-37cc-5343-34ba515b9c64">
      <Execution id="efe3c486-a6e1-4558-8b63-9d2b6faa9c57" />
      <TestMethod codeBase="C:/Projects/C#/TDVS/TDVS/Tests/TDVS.EntitySystem.Tests/bin/Debug/TDVS.EntitySystem.Tests.DLL" adapterTypeName="Microsoft.VisualStudio.TestTools.TestTypes.Unit.UnitTestAdapter, Microsoft.VisualStudio.QualityTools.Tips.UnitTest.Adapter, Version=10.0.0.0, Culture=neutral, PublicKeyToken=b03f5f7f11d50a3a" className="TDVS.EntitySystem.Tests.EntityManagerTests, TDVS.EntitySystem.Tests, Version=1.0.0.0, Culture=neutral, PublicKeyToken=null" name="ensure_components_are_removed_when_entity_is_deleted" />
    </UnitTest>
    <UnitTest name="ensure_component_removed_event_fires" storage="c:\projects\c#\tdvs\tdvs\tests\tdvs.entitysystem.tests\bin\debug\tdvs.entitysystem.tests.dll" id="20a6fc0f-d7f4-d9f4-8fbd-b7fa4b41da15">
      <Execution id="8dc9bb92-c67c-4591-8d3c-3ee537eb1f40" />
      <TestMethod codeBase="C:/Projects/C#/TDVS/TDVS/Tests/TDVS.EntitySystem.Tests/bin/Debug/TDVS.EntitySystem.Tests.DLL" adapterTypeName="Microsoft.VisualStudio.TestTools.TestTypes.Unit.UnitTestAdapter, Microsoft.VisualStudio.QualityTools.Tips.UnitTest.Adapter, Version=10.0.0.0, Culture=neutral, PublicKeyToken=b03f5f7f11d50a3a" className="TDVS.EntitySystem.Tests.EntityManagerTests, TDVS.EntitySystem.Tests, Version=1.0.0.0, Culture=neutral, PublicKeyToken=null" name="ensure_component_removed_event_fires" />
    </UnitTest>
    <UnitTest name="add_entity_and_remove_total_should_be_1_and_active_should_be_0" storage="c:\projects\c#\tdvs\tdvs\tests\tdvs.entitysystem.tests\bin\debug\tdvs.entitysystem.tests.dll" id="b48ebf6d-0bc0-0e3a-eba4-58230b5ac68e">
      <Execution id="aec266cb-1166-4c5f-b83e-1f09f086e917" />
      <TestMethod codeBase="C:/Projects/C#/TDVS/TDVS/Tests/TDVS.EntitySystem.Tests/bin/Debug/TDVS.EntitySystem.Tests.DLL" adapterTypeName="Microsoft.VisualStudio.TestTools.TestTypes.Unit.UnitTestAdapter, Microsoft.VisualStudio.QualityTools.Tips.UnitTest.Adapter, Version=10.0.0.0, Culture=neutral, PublicKeyToken=b03f5f7f11d50a3a" className="TDVS.EntitySystem.Tests.EntityManagerTests, TDVS.EntitySystem.Tests, Version=1.0.0.0, Culture=neutral, PublicKeyToken=null" name="add_entity_and_remove_total_should_be_1_and_active_should_be_0" />
    </UnitTest>
    <UnitTest name="ensure_component_added_event_fires" storage="c:\projects\c#\tdvs\tdvs\tests\tdvs.entitysystem.tests\bin\debug\tdvs.entitysystem.tests.dll" id="70f8b0af-8d3e-57b4-51bf-a1c5ca1baee5">
      <Execution id="5bca86fd-489e-4007-9240-48e11c99fb97" />
      <TestMethod codeBase="C:/Projects/C#/TDVS/TDVS/Tests/TDVS.EntitySystem.Tests/bin/Debug/TDVS.EntitySystem.Tests.DLL" adapterTypeName="Microsoft.VisualStudio.TestTools.TestTypes.Unit.UnitTestAdapter, Microsoft.VisualStudio.QualityTools.Tips.UnitTest.Adapter, Version=10.0.0.0, Culture=neutral, PublicKeyToken=b03f5f7f11d50a3a" className="TDVS.EntitySystem.Tests.EntityManagerTests, TDVS.EntitySystem.Tests, Version=1.0.0.0, Culture=neutral, PublicKeyToken=null" name="ensure_component_added_event_fires" />
    </UnitTest>
    <UnitTest name="ensure_added_event_fires" storage="c:\projects\c#\tdvs\tdvs\tests\tdvs.entitysystem.tests\bin\debug\tdvs.entitysystem.tests.dll" id="79a0c6c4-064e-377e-4e57-e25d61268d0f">
      <Execution id="357339a1-4fea-41ff-941c-6767e354b359" />
      <TestMethod codeBase="C:/Projects/C#/TDVS/TDVS/Tests/TDVS.EntitySystem.Tests/bin/Debug/TDVS.EntitySystem.Tests.DLL" adapterTypeName="Microsoft.VisualStudio.TestTools.TestTypes.Unit.UnitTestAdapter, Microsoft.VisualStudio.QualityTools.Tips.UnitTest.Adapter, Version=10.0.0.0, Culture=neutral, PublicKeyToken=b03f5f7f11d50a3a" className="TDVS.EntitySystem.Tests.EntityManagerTests, TDVS.EntitySystem.Tests, Version=1.0.0.0, Culture=neutral, PublicKeyToken=null" name="ensure_added_event_fires" />
    </UnitTest>
    <UnitTest name="add_entity_and_count_should_be_1" storage="c:\projects\c#\tdvs\tdvs\tests\tdvs.entitysystem.tests\bin\debug\tdvs.entitysystem.tests.dll" id="eaa52e8b-4b30-ed73-ee73-1c82827c1a49">
      <Execution id="f9860d66-c398-47a9-acec-835ee12611ea" />
      <TestMethod codeBase="C:/Projects/C#/TDVS/TDVS/Tests/TDVS.EntitySystem.Tests/bin/Debug/TDVS.EntitySystem.Tests.DLL" adapterTypeName="Microsoft.VisualStudio.TestTools.TestTypes.Unit.UnitTestAdapter, Microsoft.VisualStudio.QualityTools.Tips.UnitTest.Adapter, Version=10.0.0.0, Culture=neutral, PublicKeyToken=b03f5f7f11d50a3a" className="TDVS.EntitySystem.Tests.EntityManagerTests, TDVS.EntitySystem.Tests, Version=1.0.0.0, Culture=neutral, PublicKeyToken=null" name="add_entity_and_count_should_be_1" />
    </UnitTest>
    <UnitTest name="enture_components_are_added_to_entity" storage="c:\projects\c#\tdvs\tdvs\tests\tdvs.entitysystem.tests\bin\debug\tdvs.entitysystem.tests.dll" id="d4b7a1c9-7df5-53a4-3703-3eba0ff818c8">
      <Execution id="7d54245a-b3bb-4078-a4e8-fd8e2abcbd75" />
      <TestMethod codeBase="C:/Projects/C#/TDVS/TDVS/Tests/TDVS.EntitySystem.Tests/bin/Debug/TDVS.EntitySystem.Tests.DLL" adapterTypeName="Microsoft.VisualStudio.TestTools.TestTypes.Unit.UnitTestAdapter, Microsoft.VisualStudio.QualityTools.Tips.UnitTest.Adapter, Version=10.0.0.0, Culture=neutral, PublicKeyToken=b03f5f7f11d50a3a" className="TDVS.EntitySystem.Tests.EntityManagerTests, TDVS.EntitySystem.Tests, Version=1.0.0.0, Culture=neutral, PublicKeyToken=null" name="enture_components_are_added_to_entity" />
    </UnitTest>
    <UnitTest name="get_entity_by_id_should_return_correct_entity" storage="c:\projects\c#\tdvs\tdvs\tests\tdvs.entitysystem.tests\bin\debug\tdvs.entitysystem.tests.dll" id="f531010b-e8c1-800b-1c7a-fd33d5c1ac2f">
      <Execution id="feb858f7-e46b-4b85-b8ba-5bdf742c39fc" />
      <TestMethod codeBase="C:/Projects/C#/TDVS/TDVS/Tests/TDVS.EntitySystem.Tests/bin/Debug/TDVS.EntitySystem.Tests.DLL" adapterTypeName="Microsoft.VisualStudio.TestTools.TestTypes.Unit.UnitTestAdapter, Microsoft.VisualStudio.QualityTools.Tips.UnitTest.Adapter, Version=10.0.0.0, Culture=neutral, PublicKeyToken=b03f5f7f11d50a3a" className="TDVS.EntitySystem.Tests.EntityManagerTests, TDVS.EntitySystem.Tests, Version=1.0.0.0, Culture=neutral, PublicKeyToken=null" name="get_entity_by_id_should_return_correct_entity" />
    </UnitTest>
    <UnitTest name="ensure_removed_event_fires" storage="c:\projects\c#\tdvs\tdvs\tests\tdvs.entitysystem.tests\bin\debug\tdvs.entitysystem.tests.dll" id="54dbeb6c-88d0-05ad-5f13-d639cedc0854">
      <Execution id="145fd862-dbde-4463-a562-800d49891548" />
      <TestMethod codeBase="C:/Projects/C#/TDVS/TDVS/Tests/TDVS.EntitySystem.Tests/bin/Debug/TDVS.EntitySystem.Tests.DLL" adapterTypeName="Microsoft.VisualStudio.TestTools.TestTypes.Unit.UnitTestAdapter, Microsoft.VisualStudio.QualityTools.Tips.UnitTest.Adapter, Version=10.0.0.0, Culture=neutral, PublicKeyToken=b03f5f7f11d50a3a" className="TDVS.EntitySystem.Tests.EntityManagerTests, TDVS.EntitySystem.Tests, Version=1.0.0.0, Culture=neutral, PublicKeyToken=null" name="ensure_removed_event_fires" />
    </UnitTest>
  </TestDefinitions>
  <TestLists>
    <TestList name="Results Not in a List" id="8c84fa94-04c1-424b-9868-57a2d4851a1d" />
    <TestList name="All Loaded Results" id="19431567-8539-422a-85d7-44ee4e166bda" />
  </TestLists>
  <TestEntries>
    <TestEntry testId="79a0c6c4-064e-377e-4e57-e25d61268d0f" executionId="357339a1-4fea-41ff-941c-6767e354b359" testListId="8c84fa94-04c1-424b-9868-57a2d4851a1d" />
    <TestEntry testId="70f8b0af-8d3e-57b4-51bf-a1c5ca1baee5" executionId="5bca86fd-489e-4007-9240-48e11c99fb97" testListId="8c84fa94-04c1-424b-9868-57a2d4851a1d" />
    <TestEntry testId="54dbeb6c-88d0-05ad-5f13-d639cedc0854" executionId="145fd862-dbde-4463-a562-800d49891548" testListId="8c84fa94-04c1-424b-9868-57a2d4851a1d" />
    <TestEntry testId="85bef3ab-ef0a-37cc-5343-34ba515b9c64" executionId="efe3c486-a6e1-4558-8b63-9d2b6faa9c57" testListId="8c84fa94-04c1-424b-9868-57a2d4851a1d" />
    <TestEntry testId="f531010b-e8c1-800b-1c7a-fd33d5c1ac2f" executionId="feb858f7-e46b-4b85-b8ba-5bdf742c39fc" testListId="8c84fa94-04c1-424b-9868-57a2d4851a1d" />
    <TestEntry testId="20a6fc0f-d7f4-d9f4-8fbd-b7fa4b41da15" executionId="8dc9bb92-c67c-4591-8d3c-3ee537eb1f40" testListId="8c84fa94-04c1-424b-9868-57a2d4851a1d" />
    <TestEntry testId="b48ebf6d-0bc0-0e3a-eba4-58230b5ac68e" executionId="aec266cb-1166-4c5f-b83e-1f09f086e917" testListId="8c84fa94-04c1-424b-9868-57a2d4851a1d" />
    <TestEntry testId="eaa52e8b-4b30-ed73-ee73-1c82827c1a49" executionId="f9860d66-c398-47a9-acec-835ee12611ea" testListId="8c84fa94-04c1-424b-9868-57a2d4851a1d" />
    <TestEntry testId="d4b7a1c9-7df5-53a4-3703-3eba0ff818c8" executionId="7d54245a-b3bb-4078-a4e8-fd8e2abcbd75" testListId="8c84fa94-04c1-424b-9868-57a2d4851a1d" />
  </TestEntries>
  <Results>
    <UnitTestResult executionId="357339a1-4fea-41ff-941c-6767e354b359" testId="79a0c6c4-064e-377e-4e57-e25d61268d0f" testName="ensure_added_event_fires" computerName="THRALL" duration="00:00:00.0204477" startTime="2011-09-03T06:08:05.9889663+02:00" endTime="2011-09-03T06:08:07.3590447+02:00" testType="13cdc9d9-ddb5-4fa4-a97d-d965ccfc6d4b" outcome="Passed" testListId="8c84fa94-04c1-424b-9868-57a2d4851a1d" relativeResultsDirectory="357339a1-4fea-41ff-941c-6767e354b359">
    </UnitTestResult>
    <UnitTestResult executionId="5bca86fd-489e-4007-9240-48e11c99fb97" testId="70f8b0af-8d3e-57b4-51bf-a1c5ca1baee5" testName="ensure_component_added_event_fires" computerName="THRALL" duration="00:00:00.0026631" startTime="2011-09-03T06:08:07.3630449+02:00" endTime="2011-09-03T06:08:07.3690452+02:00" testType="13cdc9d9-ddb5-4fa4-a97d-d965ccfc6d4b" outcome="Passed" testListId="8c84fa94-04c1-424b-9868-57a2d4851a1d" relativeResultsDirectory="5bca86fd-489e-4007-9240-48e11c99fb97">
    </UnitTestResult>
    <UnitTestResult executionId="145fd862-dbde-4463-a562-800d49891548" testId="54dbeb6c-88d0-05ad-5f13-d639cedc0854" testName="ensure_removed_event_fires" computerName="THRALL" duration="00:00:00.0015233" startTime="2011-09-03T06:08:07.3810459+02:00" endTime="2011-09-03T06:08:07.3860462+02:00" testType="13cdc9d9-ddb5-4fa4-a97d-d965ccfc6d4b" outcome="Passed" testListId="8c84fa94-04c1-424b-9868-57a2d4851a1d" relativeResultsDirectory="145fd862-dbde-4463-a562-800d49891548">
    </UnitTestResult>
    <UnitTestResult executionId="efe3c486-a6e1-4558-8b63-9d2b6faa9c57" testId="85bef3ab-ef0a-37cc-5343-34ba515b9c64" testName="ensure_components_are_removed_when_entity_is_deleted" computerName="THRALL" duration="00:00:00.0011743" startTime="2011-09-03T06:08:07.3900464+02:00" endTime="2011-09-03T06:08:07.3950467+02:00" testType="13cdc9d9-ddb5-4fa4-a97d-d965ccfc6d4b" outcome="Passed" testListId="8c84fa94-04c1-424b-9868-57a2d4851a1d" relativeResultsDirectory="efe3c486-a6e1-4558-8b63-9d2b6faa9c57">
    </UnitTestResult>
    <UnitTestResult executionId="feb858f7-e46b-4b85-b8ba-5bdf742c39fc" testId="f531010b-e8c1-800b-1c7a-fd33d5c1ac2f" testName="get_entity_by_id_should_return_correct_entity" computerName="THRALL" duration="00:00:00.0010907" startTime="2011-09-03T06:08:07.3980469+02:00" endTime="2011-09-03T06:08:07.4030472+02:00" testType="13cdc9d9-ddb5-4fa4-a97d-d965ccfc6d4b" outcome="Passed" testListId="8c84fa94-04c1-424b-9868-57a2d4851a1d" relativeResultsDirectory="feb858f7-e46b-4b85-b8ba-5bdf742c39fc">
    </UnitTestResult>
    <UnitTestResult executionId="8dc9bb92-c67c-4591-8d3c-3ee537eb1f40" testId="20a6fc0f-d7f4-d9f4-8fbd-b7fa4b41da15" testName="ensure_component_removed_event_fires" computerName="THRALL" duration="00:00:00.0010312" startTime="2011-09-03T06:08:07.4060474+02:00" endTime="2011-09-03T06:08:07.4110476+02:00" testType="13cdc9d9-ddb5-4fa4-a97d-d965ccfc6d4b" outcome="Passed" testListId="8c84fa94-04c1-424b-9868-57a2d4851a1d" relativeResultsDirectory="8dc9bb92-c67c-4591-8d3c-3ee537eb1f40">
    </UnitTestResult>
    <UnitTestResult executionId="aec266cb-1166-4c5f-b83e-1f09f086e917" testId="b48ebf6d-0bc0-0e3a-eba4-58230b5ac68e" testName="add_entity_and_remove_total_should_be_1_and_active_should_be_0" computerName="THRALL" duration="00:00:00.0004375" startTime="2011-09-03T06:08:07.4140478+02:00" endTime="2011-09-03T06:08:07.4180480+02:00" testType="13cdc9d9-ddb5-4fa4-a97d-d965ccfc6d4b" outcome="Passed" testListId="8c84fa94-04c1-424b-9868-57a2d4851a1d" relativeResultsDirectory="aec266cb-1166-4c5f-b83e-1f09f086e917">
    </UnitTestResult>
    <UnitTestResult executionId="f9860d66-c398-47a9-acec-835ee12611ea" testId="eaa52e8b-4b30-ed73-ee73-1c82827c1a49" testName="add_entity_and_count_should_be_1" computerName="THRALL" duration="00:00:00.0001856" startTime="2011-09-03T06:08:07.4210482+02:00" endTime="2011-09-03T06:08:07.4250484+02:00" testType="13cdc9d9-ddb5-4fa4-a97d-d965ccfc6d4b" outcome="Passed" testListId="8c84fa94-04c1-424b-9868-57a2d4851a1d" relativeResultsDirectory="f9860d66-c398-47a9-acec-835ee12611ea">
    </UnitTestResult>
    <UnitTestResult executionId="7d54245a-b3bb-4078-a4e8-fd8e2abcbd75" testId="d4b7a1c9-7df5-53a4-3703-3eba0ff818c8" testName="enture_components_are_added_to_entity" computerName="THRALL" duration="00:00:00.0003474" startTime="2011-09-03T06:08:07.4280486+02:00" endTime="2011-09-03T06:08:07.4320488+02:00" testType="13cdc9d9-ddb5-4fa4-a97d-d965ccfc6d4b" outcome="Passed" testListId="8c84fa94-04c1-424b-9868-57a2d4851a1d" relativeResultsDirectory="7d54245a-b3bb-4078-a4e8-fd8e2abcbd75">
    </UnitTestResult>
  </Results>
</TestRun>