<?xml version="1.0" encoding="UTF-8"?>
<TestRun id="5ad73785-bc9d-439b-9269-3c83501fd4e3" name="Magnus@THRALL 2011-09-03 06:07:55" runUser="Thrall\Magnus" xmlns="http://microsoft.com/schemas/VisualStudio/TeamTest/2010">
  <TestSettings name="Local" id="996b0d76-dd01-41ae-b03c-e53bb719d345">
    <Description>These are default test settings for a local test run.</Description>
    <Deployment enabled="false" runDeploymentRoot="Magnus_THRALL 2011-09-03 06_07_55">
      <DeploymentItem filename="C:\Projects\C#\TDVS\TDVS\TDVS.EntitySystem\bin\x86\Debug\TDVS.EntitySystem.dll" />
    </Deployment>
    <Execution>
      <TestTypeSpecific />
      <AgentRule name="Execution Agents">
      </AgentRule>
    </Execution>
  </TestSettings>
  <Times creation="2011-09-03T06:07:55.8713876+02:00" queuing="2011-09-03T06:07:55.9233906+02:00" start="2011-09-03T06:07:55.9293909+02:00" finish="2011-09-03T06:07:56.1704047+02:00" />
  <ResultSummary outcome="Completed">
    <Counters total="9" executed="9" passed="9" error="0" failed="0" timeout="0" aborted="0" inconclusive="0" passedButRunAborted="0" notRunnable="0" notExecuted="0" disconnected="0" warning="0" completed="0" inProgress="0" pending="0" />
  </ResultSummary>
  <TestDefinitions>
    <UnitTest name="ensure_components_are_removed_when_entity_is_deleted" storage="c:\projects\c#\tdvs\tdvs\tests\tdvs.entitysystem.tests\bin\debug\tdvs.entitysystem.tests.dll" id="85bef3ab-ef0a-37cc-5343-34ba515b9c64">
      <Execution id="41c623a8-2ac8-40ad-a839-b702ede7a4b1" />
      <TestMethod codeBase="C:/Projects/C#/TDVS/TDVS/Tests/TDVS.EntitySystem.Tests/bin/Debug/TDVS.EntitySystem.Tests.DLL" adapterTypeName="Microsoft.VisualStudio.TestTools.TestTypes.Unit.UnitTestAdapter, Microsoft.VisualStudio.QualityTools.Tips.UnitTest.Adapter, Version=10.0.0.0, Culture=neutral, PublicKeyToken=b03f5f7f11d50a3a" className="TDVS.EntitySystem.Tests.EntityManagerTests, TDVS.EntitySystem.Tests, Version=1.0.0.0, Culture=neutral, PublicKeyToken=null" name="ensure_components_are_removed_when_entity_is_deleted" />
    </UnitTest>
    <UnitTest name="ensure_component_removed_event_fires" storage="c:\projects\c#\tdvs\tdvs\tests\tdvs.entitysystem.tests\bin\debug\tdvs.entitysystem.tests.dll" id="20a6fc0f-d7f4-d9f4-8fbd-b7fa4b41da15">
      <Execution id="f7dc1bf2-ada2-471e-8679-1e1f8582bae8" />
      <TestMethod codeBase="C:/Projects/C#/TDVS/TDVS/Tests/TDVS.EntitySystem.Tests/bin/Debug/TDVS.EntitySystem.Tests.DLL" adapterTypeName="Microsoft.VisualStudio.TestTools.TestTypes.Unit.UnitTestAdapter, Microsoft.VisualStudio.QualityTools.Tips.UnitTest.Adapter, Version=10.0.0.0, Culture=neutral, PublicKeyToken=b03f5f7f11d50a3a" className="TDVS.EntitySystem.Tests.EntityManagerTests, TDVS.EntitySystem.Tests, Version=1.0.0.0, Culture=neutral, PublicKeyToken=null" name="ensure_component_removed_event_fires" />
    </UnitTest>
    <UnitTest name="add_entity_and_remove_total_should_be_1_and_active_should_be_0" storage="c:\projects\c#\tdvs\tdvs\tests\tdvs.entitysystem.tests\bin\debug\tdvs.entitysystem.tests.dll" id="b48ebf6d-0bc0-0e3a-eba4-58230b5ac68e">
      <Execution id="12d6a024-1bfd-4c5c-a9f2-53ad21cb5516" />
      <TestMethod codeBase="C:/Projects/C#/TDVS/TDVS/Tests/TDVS.EntitySystem.Tests/bin/Debug/TDVS.EntitySystem.Tests.DLL" adapterTypeName="Microsoft.VisualStudio.TestTools.TestTypes.Unit.UnitTestAdapter, Microsoft.VisualStudio.QualityTools.Tips.UnitTest.Adapter, Version=10.0.0.0, Culture=neutral, PublicKeyToken=b03f5f7f11d50a3a" className="TDVS.EntitySystem.Tests.EntityManagerTests, TDVS.EntitySystem.Tests, Version=1.0.0.0, Culture=neutral, PublicKeyToken=null" name="add_entity_and_remove_total_should_be_1_and_active_should_be_0" />
    </UnitTest>
    <UnitTest name="ensure_component_added_event_fires" storage="c:\projects\c#\tdvs\tdvs\tests\tdvs.entitysystem.tests\bin\debug\tdvs.entitysystem.tests.dll" id="70f8b0af-8d3e-57b4-51bf-a1c5ca1baee5">
      <Execution id="30dd5df5-287d-48cd-a231-958e4d8681ad" />
      <TestMethod codeBase="C:/Projects/C#/TDVS/TDVS/Tests/TDVS.EntitySystem.Tests/bin/Debug/TDVS.EntitySystem.Tests.DLL" adapterTypeName="Microsoft.VisualStudio.TestTools.TestTypes.Unit.UnitTestAdapter, Microsoft.VisualStudio.QualityTools.Tips.UnitTest.Adapter, Version=10.0.0.0, Culture=neutral, PublicKeyToken=b03f5f7f11d50a3a" className="TDVS.EntitySystem.Tests.EntityManagerTests, TDVS.EntitySystem.Tests, Version=1.0.0.0, Culture=neutral, PublicKeyToken=null" name="ensure_component_added_event_fires" />
    </UnitTest>
    <UnitTest name="ensure_added_event_fires" storage="c:\projects\c#\tdvs\tdvs\tests\tdvs.entitysystem.tests\bin\debug\tdvs.entitysystem.tests.dll" id="79a0c6c4-064e-377e-4e57-e25d61268d0f">
      <Execution id="d69a145e-24d9-4b08-af3b-3eaa03b5eacd" />
      <TestMethod codeBase="C:/Projects/C#/TDVS/TDVS/Tests/TDVS.EntitySystem.Tests/bin/Debug/TDVS.EntitySystem.Tests.DLL" adapterTypeName="Microsoft.VisualStudio.TestTools.TestTypes.Unit.UnitTestAdapter, Microsoft.VisualStudio.QualityTools.Tips.UnitTest.Adapter, Version=10.0.0.0, Culture=neutral, PublicKeyToken=b03f5f7f11d50a3a" className="TDVS.EntitySystem.Tests.EntityManagerTests, TDVS.EntitySystem.Tests, Version=1.0.0.0, Culture=neutral, PublicKeyToken=null" name="ensure_added_event_fires" />
    </UnitTest>
    <UnitTest name="add_entity_and_count_should_be_1" storage="c:\projects\c#\tdvs\tdvs\tests\tdvs.entitysystem.tests\bin\debug\tdvs.entitysystem.tests.dll" id="eaa52e8b-4b30-ed73-ee73-1c82827c1a49">
      <Execution id="7bf48be5-76ad-4821-a719-bab3ee0ecef0" />
      <TestMethod codeBase="C:/Projects/C#/TDVS/TDVS/Tests/TDVS.EntitySystem.Tests/bin/Debug/TDVS.EntitySystem.Tests.DLL" adapterTypeName="Microsoft.VisualStudio.TestTools.TestTypes.Unit.UnitTestAdapter, Microsoft.VisualStudio.QualityTools.Tips.UnitTest.Adapter, Version=10.0.0.0, Culture=neutral, PublicKeyToken=b03f5f7f11d50a3a" className="TDVS.EntitySystem.Tests.EntityManagerTests, TDVS.EntitySystem.Tests, Version=1.0.0.0, Culture=neutral, PublicKeyToken=null" name="add_entity_and_count_should_be_1" />
    </UnitTest>
    <UnitTest name="enture_components_are_added_to_entity" storage="c:\projects\c#\tdvs\tdvs\tests\tdvs.entitysystem.tests\bin\debug\tdvs.entitysystem.tests.dll" id="d4b7a1c9-7df5-53a4-3703-3eba0ff818c8">
      <Execution id="dc228d09-4acb-4f57-a128-b3cd998edebd" />
      <TestMethod codeBase="C:/Projects/C#/TDVS/TDVS/Tests/TDVS.EntitySystem.Tests/bin/Debug/TDVS.EntitySystem.Tests.DLL" adapterTypeName="Microsoft.VisualStudio.TestTools.TestTypes.Unit.UnitTestAdapter, Microsoft.VisualStudio.QualityTools.Tips.UnitTest.Adapter, Version=10.0.0.0, Culture=neutral, PublicKeyToken=b03f5f7f11d50a3a" className="TDVS.EntitySystem.Tests.EntityManagerTests, TDVS.EntitySystem.Tests, Version=1.0.0.0, Culture=neutral, PublicKeyToken=null" name="enture_components_are_added_to_entity" />
    </UnitTest>
    <UnitTest name="get_entity_by_id_should_return_correct_entity" storage="c:\projects\c#\tdvs\tdvs\tests\tdvs.entitysystem.tests\bin\debug\tdvs.entitysystem.tests.dll" id="f531010b-e8c1-800b-1c7a-fd33d5c1ac2f">
      <Execution id="20da8d03-15ea-4641-a1c6-9dccaa8faab2" />
      <TestMethod codeBase="C:/Projects/C#/TDVS/TDVS/Tests/TDVS.EntitySystem.Tests/bin/Debug/TDVS.EntitySystem.Tests.DLL" adapterTypeName="Microsoft.VisualStudio.TestTools.TestTypes.Unit.UnitTestAdapter, Microsoft.VisualStudio.QualityTools.Tips.UnitTest.Adapter, Version=10.0.0.0, Culture=neutral, PublicKeyToken=b03f5f7f11d50a3a" className="TDVS.EntitySystem.Tests.EntityManagerTests, TDVS.EntitySystem.Tests, Version=1.0.0.0, Culture=neutral, PublicKeyToken=null" name="get_entity_by_id_should_return_correct_entity" />
    </UnitTest>
    <UnitTest name="ensure_removed_event_fires" storage="c:\projects\c#\tdvs\tdvs\tests\tdvs.entitysystem.tests\bin\debug\tdvs.entitysystem.tests.dll" id="54dbeb6c-88d0-05ad-5f13-d639cedc0854">
      <Execution id="b4f91cd9-c45c-4193-9d27-c413f7645f25" />
      <TestMethod codeBase="C:/Projects/C#/TDVS/TDVS/Tests/TDVS.EntitySystem.Tests/bin/Debug/TDVS.EntitySystem.Tests.DLL" adapterTypeName="Microsoft.VisualStudio.TestTools.TestTypes.Unit.UnitTestAdapter, Microsoft.VisualStudio.QualityTools.Tips.UnitTest.Adapter, Version=10.0.0.0, Culture=neutral, PublicKeyToken=b03f5f7f11d50a3a" className="TDVS.EntitySystem.Tests.EntityManagerTests, TDVS.EntitySystem.Tests, Version=1.0.0.0, Culture=neutral, PublicKeyToken=null" name="ensure_removed_event_fires" />
    </UnitTest>
  </TestDefinitions>
  <TestLists>
    <TestList name="Results Not in a List" id="8c84fa94-04c1-424b-9868-57a2d4851a1d" />
    <TestList name="All Loaded Results" id="19431567-8539-422a-85d7-44ee4e166bda" />
  </TestLists>
  <TestEntries>
    <TestEntry testId="79a0c6c4-064e-377e-4e57-e25d61268d0f" executionId="d69a145e-24d9-4b08-af3b-3eaa03b5eacd" testListId="8c84fa94-04c1-424b-9868-57a2d4851a1d" />
    <TestEntry testId="70f8b0af-8d3e-57b4-51bf-a1c5ca1baee5" executionId="30dd5df5-287d-48cd-a231-958e4d8681ad" testListId="8c84fa94-04c1-424b-9868-57a2d4851a1d" />
    <TestEntry testId="54dbeb6c-88d0-05ad-5f13-d639cedc0854" executionId="b4f91cd9-c45c-4193-9d27-c413f7645f25" testListId="8c84fa94-04c1-424b-9868-57a2d4851a1d" />
    <TestEntry testId="85bef3ab-ef0a-37cc-5343-34ba515b9c64" executionId="41c623a8-2ac8-40ad-a839-b702ede7a4b1" testListId="8c84fa94-04c1-424b-9868-57a2d4851a1d" />
    <TestEntry testId="f531010b-e8c1-800b-1c7a-fd33d5c1ac2f" executionId="20da8d03-15ea-4641-a1c6-9dccaa8faab2" testListId="8c84fa94-04c1-424b-9868-57a2d4851a1d" />
    <TestEntry testId="20a6fc0f-d7f4-d9f4-8fbd-b7fa4b41da15" executionId="f7dc1bf2-ada2-471e-8679-1e1f8582bae8" testListId="8c84fa94-04c1-424b-9868-57a2d4851a1d" />
    <TestEntry testId="b48ebf6d-0bc0-0e3a-eba4-58230b5ac68e" executionId="12d6a024-1bfd-4c5c-a9f2-53ad21cb5516" testListId="8c84fa94-04c1-424b-9868-57a2d4851a1d" />
    <TestEntry testId="eaa52e8b-4b30-ed73-ee73-1c82827c1a49" executionId="7bf48be5-76ad-4821-a719-bab3ee0ecef0" testListId="8c84fa94-04c1-424b-9868-57a2d4851a1d" />
    <TestEntry testId="d4b7a1c9-7df5-53a4-3703-3eba0ff818c8" executionId="dc228d09-4acb-4f57-a128-b3cd998edebd" testListId="8c84fa94-04c1-424b-9868-57a2d4851a1d" />
  </TestEntries>
  <Results>
    <UnitTestResult executionId="d69a145e-24d9-4b08-af3b-3eaa03b5eacd" testId="79a0c6c4-064e-377e-4e57-e25d61268d0f" testName="ensure_added_event_fires" computerName="THRALL" duration="00:00:00.0154191" startTime="2011-09-03T06:07:55.9313910+02:00" endTime="2011-09-03T06:07:56.1204019+02:00" testType="13cdc9d9-ddb5-4fa4-a97d-d965ccfc6d4b" outcome="Passed" testListId="8c84fa94-04c1-424b-9868-57a2d4851a1d" relativeResultsDirectory="d69a145e-24d9-4b08-af3b-3eaa03b5eacd">
    </UnitTestResult>
    <UnitTestResult executionId="30dd5df5-287d-48cd-a231-958e4d8681ad" testId="70f8b0af-8d3e-57b4-51bf-a1c5ca1baee5" testName="ensure_component_added_event_fires" computerName="THRALL" duration="00:00:00.0021507" startTime="2011-09-03T06:07:56.1224020+02:00" endTime="2011-09-03T06:07:56.1274023+02:00" testType="13cdc9d9-ddb5-4fa4-a97d-d965ccfc6d4b" outcome="Passed" testListId="8c84fa94-04c1-424b-9868-57a2d4851a1d" relativeResultsDirectory="30dd5df5-287d-48cd-a231-958e4d8681ad">
    </UnitTestResult>
    <UnitTestResult executionId="b4f91cd9-c45c-4193-9d27-c413f7645f25" testId="54dbeb6c-88d0-05ad-5f13-d639cedc0854" testName="ensure_removed_event_fires" computerName="THRALL" duration="00:00:00.0012609" startTime="2011-09-03T06:07:56.1284023+02:00" endTime="2011-09-03T06:07:56.1324025+02:00" testType="13cdc9d9-ddb5-4fa4-a97d-d965ccfc6d4b" outcome="Passed" testListId="8c84fa94-04c1-424b-9868-57a2d4851a1d" relativeResultsDirectory="b4f91cd9-c45c-4193-9d27-c413f7645f25">
    </UnitTestResult>
    <UnitTestResult executionId="41c623a8-2ac8-40ad-a839-b702ede7a4b1" testId="85bef3ab-ef0a-37cc-5343-34ba515b9c64" testName="ensure_components_are_removed_when_entity_is_deleted" computerName="THRALL" duration="00:00:00.0009768" startTime="2011-09-03T06:07:56.1334026+02:00" endTime="2011-09-03T06:07:56.1364028+02:00" testType="13cdc9d9-ddb5-4fa4-a97d-d965ccfc6d4b" outcome="Passed" testListId="8c84fa94-04c1-424b-9868-57a2d4851a1d" relativeResultsDirectory="41c623a8-2ac8-40ad-a839-b702ede7a4b1">
    </UnitTestResult>
    <UnitTestResult executionId="20da8d03-15ea-4641-a1c6-9dccaa8faab2" testId="f531010b-e8c1-800b-1c7a-fd33d5c1ac2f" testName="get_entity_by_id_should_return_correct_entity" computerName="THRALL" duration="00:00:00.0004836" startTime="2011-09-03T06:07:56.1384029+02:00" endTime="2011-09-03T06:07:56.1414031+02:00" testType="13cdc9d9-ddb5-4fa4-a97d-d965ccfc6d4b" outcome="Passed" testListId="8c84fa94-04c1-424b-9868-57a2d4851a1d" relativeResultsDirectory="20da8d03-15ea-4641-a1c6-9dccaa8faab2">
    </UnitTestResult>
    <UnitTestResult executionId="f7dc1bf2-ada2-471e-8679-1e1f8582bae8" testId="20a6fc0f-d7f4-d9f4-8fbd-b7fa4b41da15" testName="ensure_component_removed_event_fires" computerName="THRALL" duration="00:00:00.0013200" startTime="2011-09-03T06:07:56.1434032+02:00" endTime="2011-09-03T06:07:56.1464033+02:00" testType="13cdc9d9-ddb5-4fa4-a97d-d965ccfc6d4b" outcome="Passed" testListId="8c84fa94-04c1-424b-9868-57a2d4851a1d" relativeResultsDirectory="f7dc1bf2-ada2-471e-8679-1e1f8582bae8">
    </UnitTestResult>
    <UnitTestResult executionId="12d6a024-1bfd-4c5c-a9f2-53ad21cb5516" testId="b48ebf6d-0bc0-0e3a-eba4-58230b5ac68e" testName="add_entity_and_remove_total_should_be_1_and_active_should_be_0" computerName="THRALL" duration="00:00:00.0003282" startTime="2011-09-03T06:07:56.1484035+02:00" endTime="2011-09-03T06:07:56.1504036+02:00" testType="13cdc9d9-ddb5-4fa4-a97d-d965ccfc6d4b" outcome="Passed" testListId="8c84fa94-04c1-424b-9868-57a2d4851a1d" relativeResultsDirectory="12d6a024-1bfd-4c5c-a9f2-53ad21cb5516">
    </UnitTestResult>
    <UnitTestResult executionId="7bf48be5-76ad-4821-a719-bab3ee0ecef0" testId="eaa52e8b-4b30-ed73-ee73-1c82827c1a49" testName="add_entity_and_count_should_be_1" computerName="THRALL" duration="00:00:00.0001326" startTime="2011-09-03T06:07:56.1524037+02:00" endTime="2011-09-03T06:07:56.1544038+02:00" testType="13cdc9d9-ddb5-4fa4-a97d-d965ccfc6d4b" outcome="Passed" testListId="8c84fa94-04c1-424b-9868-57a2d4851a1d" relativeResultsDirectory="7bf48be5-76ad-4821-a719-bab3ee0ecef0">
    </UnitTestResult>
    <UnitTestResult executionId="dc228d09-4acb-4f57-a128-b3cd998edebd" testId="d4b7a1c9-7df5-53a4-3703-3eba0ff818c8" testName="enture_components_are_added_to_entity" computerName="THRALL" duration="00:00:00.0004000" startTime="2011-09-03T06:07:56.1554039+02:00" endTime="2011-09-03T06:07:56.1594041+02:00" testType="13cdc9d9-ddb5-4fa4-a97d-d965ccfc6d4b" outcome="Passed" testListId="8c84fa94-04c1-424b-9868-57a2d4851a1d" relativeResultsDirectory="dc228d09-4acb-4f57-a128-b3cd998edebd">
    </UnitTestResult>
  </Results>
</TestRun>