<?xml version="1.0" encoding="UTF-8"?>
<TestRun id="65f9d0de-76fe-4485-acff-857d78e5bfc8" name="Magnus@THRALL 2011-09-03 06:57:00" runUser="Thrall\Magnus" xmlns="http://microsoft.com/schemas/VisualStudio/TeamTest/2010">
  <TestSettings name="Local" id="996b0d76-dd01-41ae-b03c-e53bb719d345">
    <Description>These are default test settings for a local test run.</Description>
    <Deployment enabled="false" runDeploymentRoot="Magnus_THRALL 2011-09-03 06_57_00">
      <DeploymentItem filename="C:\Projects\C#\TDVS\TDVS\TDVS.EntitySystem\bin\x86\Debug\TDVS.EntitySystem.dll" />
    </Deployment>
    <Execution>
      <TestTypeSpecific />
      <AgentRule name="Execution Agents">
      </AgentRule>
    </Execution>
  </TestSettings>
  <Times creation="2011-09-03T06:57:00.2267951+02:00" queuing="2011-09-03T06:57:00.4878100+02:00" start="2011-09-03T06:57:00.5168117+02:00" finish="2011-09-03T06:57:00.8238293+02:00" />
  <ResultSummary outcome="Completed">
    <Counters total="1" executed="1" passed="1" error="0" failed="0" timeout="0" aborted="0" inconclusive="0" passedButRunAborted="0" notRunnable="0" notExecuted="0" disconnected="0" warning="0" completed="0" inProgress="0" pending="0" />
  </ResultSummary>
  <TestDefinitions>
    <UnitTest name="add_entity_and_remove_total_should_be_1_and_active_should_be_0" storage="c:\projects\c#\tdvs\tdvs\tests\tdvs.entitysystem.tests\bin\debug\tdvs.entitysystem.tests.dll" id="b48ebf6d-0bc0-0e3a-eba4-58230b5ac68e">
      <Execution id="19d13d63-decb-4061-8903-17e41a18813f" />
      <TestMethod codeBase="C:/Projects/C#/TDVS/TDVS/Tests/TDVS.EntitySystem.Tests/bin/Debug/TDVS.EntitySystem.Tests.DLL" adapterTypeName="Microsoft.VisualStudio.TestTools.TestTypes.Unit.UnitTestAdapter, Microsoft.VisualStudio.QualityTools.Tips.UnitTest.Adapter, Version=10.0.0.0, Culture=neutral, PublicKeyToken=b03f5f7f11d50a3a" className="TDVS.EntitySystem.Tests.EntityManagerTests, TDVS.EntitySystem.Tests, Version=1.0.0.0, Culture=neutral, PublicKeyToken=null" name="add_entity_and_remove_total_should_be_1_and_active_should_be_0" />
    </UnitTest>
  </TestDefinitions>
  <TestLists>
    <TestList name="Results Not in a List" id="8c84fa94-04c1-424b-9868-57a2d4851a1d" />
    <TestList name="All Loaded Results" id="19431567-8539-422a-85d7-44ee4e166bda" />
  </TestLists>
  <TestEntries>
    <TestEntry testId="b48ebf6d-0bc0-0e3a-eba4-58230b5ac68e" executionId="19d13d63-decb-4061-8903-17e41a18813f" testListId="8c84fa94-04c1-424b-9868-57a2d4851a1d" />
  </TestEntries>
  <Results>
    <UnitTestResult executionId="19d13d63-decb-4061-8903-17e41a18813f" testId="b48ebf6d-0bc0-0e3a-eba4-58230b5ac68e" testName="add_entity_and_remove_total_should_be_1_and_active_should_be_0" computerName="THRALL" duration="00:00:00.0181420" startTime="2011-09-03T06:57:00.5248122+02:00" endTime="2011-09-03T06:57:00.8048282+02:00" testType="13cdc9d9-ddb5-4fa4-a97d-d965ccfc6d4b" outcome="Passed" testListId="8c84fa94-04c1-424b-9868-57a2d4851a1d" relativeResultsDirectory="19d13d63-decb-4061-8903-17e41a18813f">
    </UnitTestResult>
  </Results>
</TestRun>